[    8229ms] [LOG] %c EvalError
    at oH (https://client.protechts.net/PXdOjV695v/main.min.js:2:66926)
    at qJ (https://client.protechts.net/PXdOjV695v/main.min.js:2:75334)
    at JZ (https://client.protechts.net/PXdOjV695v/main.min.js:2:225126)
    at JX (https://client.protechts.net/PXdOjV695v/main.min.js:2:224749)
    at https://client.protechts.net/PXdOjV695v/main.min.js:2:226467
    at https://client.protechts.net/PXdOjV695v/main.min.js:2:226473
    at https://client.protechts.net/PXdOjV695v/main.min.js:2:226938 @ https://client.protechts.net/PXdOjV695v/main.min.js:1
[   10428ms] [WARNING] [GSI_LOGGER]: Your client application may not display the Google One Tap in its default position. When FedCM becomes mandatory, One Tap only displays in the default position. Refer to the migration guide to update your code accordingly and opt-in to FedCM to test your changes. Learn more: https://developers.google.com/identity/gsi/web/guides/fedcm-migration?s=dc#layout @ https://static.licdn.com/aero-v1/sc/h/29rdkxlvag0d3cpj96fiilbju:168
[   10439ms] [WARNING] [GSI_LOGGER]: Your client application uses one of the Google One Tap prompt UI status methods that may stop functioning when FedCM becomes mandatory. Refer to the migration guide to update your code accordingly and opt-in to FedCM to test your changes. Learn more: https://developers.google.com/identity/gsi/web/guides/fedcm-migration?s=dc#display_moment and https://developers.google.com/identity/gsi/web/guides/fedcm-migration?s=dc#skipped_moment @ https://static.licdn.com/aero-v1/sc/h/29rdkxlvag0d3cpj96fiilbju:168
[   10586ms] [WARNING] [GSI_LOGGER]: Currently, you disable FedCM on Google One Tap. FedCM for One Tap will become mandatory starting Oct 2024, and you won’t be able to disable it. Refer to the migration guide to update your code accordingly to ensure users will not be blocked from logging in. Learn more: https://developers.google.com/identity/gsi/web/guides/fedcm-migration @ https://static.licdn.com/aero-v1/sc/h/29rdkxlvag0d3cpj96fiilbju:168
[  347631ms] [ERROR] Failed to load resource: the server responded with a status of 503 () @ https://www.linkedin.com/li/track:0
[  696977ms] [ERROR] Failed to load resource: net::ERR_NETWORK_CHANGED @ https://www.linkedin.com/li/track:0
[  696986ms] [ERROR] Failed to load resource: net::ERR_NETWORK_CHANGED @ https://www.linkedin.com/li/track:0
[  705513ms] [ERROR] Failed to load resource: net::ERR_NETWORK_CHANGED @ https://www.linkedin.com/li/track:0
[  705521ms] [ERROR] Failed to load resource: net::ERR_NETWORK_CHANGED @ https://www.linkedin.com/li/track:0
[  705521ms] [ERROR] Failed to load resource: net::ERR_NETWORK_CHANGED @ https://www.linkedin.com/li/track:0
[  705522ms] [ERROR] Failed to load resource: net::ERR_NETWORK_CHANGED @ https://www.linkedin.com/li/track:0
[  705523ms] [ERROR] Failed to load resource: net::ERR_NETWORK_CHANGED @ https://www.linkedin.com/li/track:0
[  705524ms] [ERROR] Failed to load resource: net::ERR_NETWORK_CHANGED @ https://www.linkedin.com/li/track:0
[  705545ms] [ERROR] Failed to load resource: net::ERR_NAME_NOT_RESOLVED @ https://www.linkedin.com/li/track:0
[  705547ms] [ERROR] Failed to load resource: net::ERR_NAME_NOT_RESOLVED @ https://www.linkedin.com/li/track:0
[  705548ms] [ERROR] Failed to load resource: net::ERR_NAME_NOT_RESOLVED @ https://www.linkedin.com/li/track:0
[  705548ms] [ERROR] Failed to load resource: net::ERR_NAME_NOT_RESOLVED @ https://www.linkedin.com/li/track:0
[  705886ms] [ERROR] Failed to load resource: net::ERR_INTERNET_DISCONNECTED @ https://www.linkedin.com/li/track:0
[  705890ms] [ERROR] Failed to load resource: net::ERR_INTERNET_DISCONNECTED @ https://www.linkedin.com/li/track:0
[  707979ms] [ERROR] Failed to load resource: net::ERR_INTERNET_DISCONNECTED @ https://www.linkedin.com/li/track:0
[  707988ms] [ERROR] Failed to load resource: net::ERR_INTERNET_DISCONNECTED @ https://www.linkedin.com/li/track:0
[  709980ms] [ERROR] Failed to load resource: net::ERR_INTERNET_DISCONNECTED @ https://www.linkedin.com/li/track:0
[  709985ms] [ERROR] Failed to load resource: net::ERR_INTERNET_DISCONNECTED @ https://www.linkedin.com/li/track:0
[  711978ms] [ERROR] Failed to load resource: net::ERR_INTERNET_DISCONNECTED @ https://www.linkedin.com/li/track:0
[  711982ms] [ERROR] Failed to load resource: net::ERR_INTERNET_DISCONNECTED @ https://www.linkedin.com/li/track:0
[  713980ms] [ERROR] Failed to load resource: net::ERR_INTERNET_DISCONNECTED @ https://www.linkedin.com/li/track:0
[  713985ms] [ERROR] Failed to load resource: net::ERR_INTERNET_DISCONNECTED @ https://www.linkedin.com/li/track:0
[  715990ms] [ERROR] Failed to load resource: net::ERR_INTERNET_DISCONNECTED @ https://www.linkedin.com/li/track:0
[  716049ms] [ERROR] Failed to load resource: net::ERR_INTERNET_DISCONNECTED @ https://www.linkedin.com/li/track:0
[  718023ms] [ERROR] Failed to load resource: net::ERR_INTERNET_DISCONNECTED @ https://www.linkedin.com/li/track:0
[  718037ms] [ERROR] Failed to load resource: net::ERR_INTERNET_DISCONNECTED @ https://www.linkedin.com/li/track:0
[  719980ms] [ERROR] Failed to load resource: net::ERR_INTERNET_DISCONNECTED @ https://www.linkedin.com/li/track:0
[  719985ms] [ERROR] Failed to load resource: net::ERR_INTERNET_DISCONNECTED @ https://www.linkedin.com/li/track:0
[  721980ms] [ERROR] Failed to load resource: net::ERR_INTERNET_DISCONNECTED @ https://www.linkedin.com/li/track:0
[  721985ms] [ERROR] Failed to load resource: net::ERR_INTERNET_DISCONNECTED @ https://www.linkedin.com/li/track:0
[  723987ms] [ERROR] Failed to load resource: net::ERR_INTERNET_DISCONNECTED @ https://www.linkedin.com/li/track:0
[  724006ms] [ERROR] Failed to load resource: net::ERR_INTERNET_DISCONNECTED @ https://www.linkedin.com/li/track:0
[  726103ms] [ERROR] Failed to load resource: net::ERR_INTERNET_DISCONNECTED @ https://www.linkedin.com/li/track:0
[  726128ms] [ERROR] Failed to load resource: net::ERR_INTERNET_DISCONNECTED @ https://www.linkedin.com/li/track:0
[  728080ms] [ERROR] Failed to load resource: net::ERR_INTERNET_DISCONNECTED @ https://www.linkedin.com/li/track:0
[  728118ms] [ERROR] Failed to load resource: net::ERR_INTERNET_DISCONNECTED @ https://www.linkedin.com/li/track:0
[  730079ms] [ERROR] Failed to load resource: net::ERR_INTERNET_DISCONNECTED @ https://www.linkedin.com/li/track:0
[  730084ms] [ERROR] Failed to load resource: net::ERR_INTERNET_DISCONNECTED @ https://www.linkedin.com/li/track:0
[  732187ms] [ERROR] Failed to load resource: net::ERR_INTERNET_DISCONNECTED @ https://www.linkedin.com/li/track:0
[  732191ms] [ERROR] Failed to load resource: net::ERR_INTERNET_DISCONNECTED @ https://www.linkedin.com/li/track:0
[  734187ms] [ERROR] Failed to load resource: net::ERR_INTERNET_DISCONNECTED @ https://www.linkedin.com/li/track:0
[  734191ms] [ERROR] Failed to load resource: net::ERR_INTERNET_DISCONNECTED @ https://www.linkedin.com/li/track:0
[  734493ms] [ERROR] Failed to load resource: net::ERR_INTERNET_DISCONNECTED @ https://collector-pxdojv695v.protechts.net/api/v2/msft:0
[  734600ms] [ERROR] Failed to load resource: net::ERR_INTERNET_DISCONNECTED @ https://collector-pxdojv695v.px-cloud.net/api/v2/msft:0
[  734706ms] [ERROR] Failed to load resource: net::ERR_INTERNET_DISCONNECTED @ https://collector-pxdojv695v.protechts.net/api/v2/msft:0
[  736184ms] [ERROR] Failed to load resource: net::ERR_INTERNET_DISCONNECTED @ https://www.linkedin.com/li/track:0
[  736189ms] [ERROR] Failed to load resource: net::ERR_INTERNET_DISCONNECTED @ https://www.linkedin.com/li/track:0
[  738182ms] [ERROR] Failed to load resource: net::ERR_INTERNET_DISCONNECTED @ https://www.linkedin.com/li/track:0
[  738186ms] [ERROR] Failed to load resource: net::ERR_INTERNET_DISCONNECTED @ https://www.linkedin.com/li/track:0
[  740295ms] [ERROR] Failed to load resource: net::ERR_INTERNET_DISCONNECTED @ https://www.linkedin.com/li/track:0
[  740300ms] [ERROR] Failed to load resource: net::ERR_INTERNET_DISCONNECTED @ https://www.linkedin.com/li/track:0
[  742293ms] [ERROR] Failed to load resource: net::ERR_INTERNET_DISCONNECTED @ https://www.linkedin.com/li/track:0
[  742297ms] [ERROR] Failed to load resource: net::ERR_INTERNET_DISCONNECTED @ https://www.linkedin.com/li/track:0
[  744287ms] [ERROR] Failed to load resource: net::ERR_INTERNET_DISCONNECTED @ https://www.linkedin.com/li/track:0
[  744294ms] [ERROR] Failed to load resource: net::ERR_INTERNET_DISCONNECTED @ https://www.linkedin.com/li/track:0
[  746417ms] [ERROR] Failed to load resource: net::ERR_INTERNET_DISCONNECTED @ https://www.linkedin.com/li/track:0
[  746425ms] [ERROR] Failed to load resource: net::ERR_INTERNET_DISCONNECTED @ https://www.linkedin.com/li/track:0
[  748395ms] [ERROR] Failed to load resource: net::ERR_INTERNET_DISCONNECTED @ https://www.linkedin.com/li/track:0
[  748402ms] [ERROR] Failed to load resource: net::ERR_INTERNET_DISCONNECTED @ https://www.linkedin.com/li/track:0
[  795875ms] [ERROR] Failed to load resource: net::ERR_NETWORK_CHANGED @ https://www.linkedin.com/li/track:0
[  795897ms] [ERROR] Failed to load resource: net::ERR_NETWORK_CHANGED @ https://www.linkedin.com/li/track:0
[  803721ms] [ERROR] Failed to load resource: net::ERR_NETWORK_CHANGED @ https://www.linkedin.com/li/track:0
[  803786ms] [ERROR] Failed to load resource: net::ERR_NETWORK_CHANGED @ https://www.linkedin.com/li/track:0
[  811688ms] [ERROR] Failed to load resource: net::ERR_NETWORK_CHANGED @ https://www.linkedin.com/li/track:0
[ 2457569ms] [ERROR] Failed to load resource: the server responded with a status of 502 () @ https://www.linkedin.com/li/track:0
[ 2504606ms] [ERROR] Failed to load resource: the server responded with a status of 502 () @ https://www.linkedin.com/li/track:0
[ 2779722ms] [ERROR] Failed to load resource: the server responded with a status of 520 () @ https://www.linkedin.com/li/track:0
[ 3681550ms] [ERROR] Failed to load resource: the server responded with a status of 520 () @ https://www.linkedin.com/li/track:0
[ 7638344ms] [ERROR] Failed to load resource: the server responded with a status of 520 () @ https://www.linkedin.com/li/track:0
[ 7667967ms] [ERROR] Failed to load resource: the server responded with a status of 520 () @ https://www.linkedin.com/li/track:0
